{
    "eddy_full": {
        "content": [
            "test__dwi_corrected.nii.gz",
            [
                [
                    {
                        "id": "test",
                        "single_end": false
                    },
                    "test__dwi_eddy_corrected.bval:md5,4c61c53078316c31b4d5daf446a3d6ac"
                ]
            ],
            "test__dwi_eddy_corrected.bvec",
            [
                [
                    {
                        "id": "test",
                        "single_end": false
                    },
                    "test__b0_bet_mask.nii.gz:md5,884e1028fb86b5556e1caac18a8d6e1f"
                ]
            ],
            "test__dwi_eddy_mqc.gif",
            "test__rev_dwi_eddy_mqc.gif",
            [
                "versions.yml:md5,391aaaa56a128085dd7d0eb3d251e7c9"
            ]
        ],
        "meta": {
            "nf-test": "0.9.0",
            "nextflow": "25.04.7"
        },
        "timestamp": "2025-09-22T19:31:54.387195357"
    },
    "eddy_light": {
        "content": [
            "test__dwi_corrected.nii.gz",
            [
                [
                    {
                        "id": "test",
                        "single_end": false
                    },
                    "test__dwi_eddy_corrected.bval:md5,8192e97b08e8032382397bb844b31892"
                ]
            ],
            "test__dwi_eddy_corrected.bvec",
            [
                [
                    {
                        "id": "test",
                        "single_end": false
                    },
                    "test__b0_bet_mask.nii.gz:md5,884e1028fb86b5556e1caac18a8d6e1f"
                ]
            ],
            "test__dwi_eddy_mqc.gif",
            [
                "versions.yml:md5,391aaaa56a128085dd7d0eb3d251e7c9"
            ]
        ],
        "meta": {
            "nf-test": "0.9.0",
            "nextflow": "25.04.7"
        },
        "timestamp": "2025-09-22T19:34:45.235612012"
    },
    "eddy - stub-run": {
        "content": [
            [
                "versions.yml:md5,391aaaa56a128085dd7d0eb3d251e7c9"
            ]
        ],
        "meta": {
            "nf-test": "0.9.0",
            "nextflow": "25.04.7"
        },
        "timestamp": "2025-09-22T19:35:17.057589231"
    }
}
