{
    "preproc_dwi - AP DWI+sbref | PA DWI+sbref": {
        "content": [
            {
                "b0": [
                    [
                        {
                            "id": "test"
                        },
                        "test_b0.nii.gz"
                    ]
                ],
                "b0_mask": [
                    [
                        {
                            "id": "test"
                        },
                        "test_resampled.nii.gz"
                    ]
                ],
                "bval": [
                    [
                        {
                            "id": "test"
                        },
                        "test__dwi_eddy_corrected.bval"
                    ]
                ],
                "bvec": [
                    [
                        {
                            "id": "test"
                        },
                        "test__dwi_eddy_corrected.bvec"
                    ]
                ],
                "dwi": [
                    [
                        {
                            "id": "test"
                        },
                        "test_resampled.nii.gz"
                    ]
                ],
                "dwi_bounding_box": [
                    [
                        {
                            "id": "test"
                        },
                        "test__image_boundingBox.pkl"
                    ]
                ],
                "dwi_n4": [
                    [
                        {
                            "id": "test"
                        },
                        "test__image_n4.nii.gz"
                    ]
                ],
                "dwi_topup_eddy": [
                    [
                        {
                            "id": "test"
                        },
                        "test__dwi_corrected.nii.gz"
                    ]
                ],
                "mqc": [
                    [
                        {
                            "id": "test"
                        },
                        "test__b0_topup_mqc.gif",
                        "test__rev_b0_topup_mqc.gif"
                    ],
                    [
                        {
                            "id": "test"
                        },
                        "test__dwi_eddy_mqc.gif"
                    ],
                    [
                        {
                            "id": "test"
                        },
                        "test__rev_dwi_eddy_mqc.gif"
                    ]
                ],
                "versions": [
                    "versions.yml:md5,034b6d262d1e0e45c673d3ac1756e22f",
                    "versions.yml:md5,218c08543fae3d1e7dd9b1527aa67a21",
                    "versions.yml:md5,2f2452f9057acaaeabe501575984a7e8",
                    "versions.yml:md5,3efc92963bc72284def5a9aeff469919",
                    "versions.yml:md5,4f645295735c7f79182fd589063e11a5",
                    "versions.yml:md5,6775dffbd2264e526ccdfde32db655b9",
                    "versions.yml:md5,83bb1f168d146ca8d303c24584044f9f",
                    "versions.yml:md5,a585ae0f02b31e59f3f641836f5cb608",
                    "versions.yml:md5,ab6778bdec2e37aef4b182b20e24c3b8",
                    "versions.yml:md5,c7da6834a9868efe7d6878ae023a6782",
                    "versions.yml:md5,dd4515fa7d32a40e94927fddf215ef18",
                    "versions.yml:md5,f6302711c5746db0253caef585c65db5"
                ]
            }
        ],
        "meta": {
            "nf-test": "0.9.2",
            "nextflow": "25.04.7"
        },
        "timestamp": "2025-09-30T13:39:36.77159"
    },
    "preproc_dwi - AP DWI | PA sbref": {
        "content": [
            {
                "b0": [
                    [
                        {
                            "id": "test"
                        },
                        "test_b0.nii.gz"
                    ]
                ],
                "b0_mask": [
                    [
                        {
                            "id": "test"
                        },
                        "test_resampled.nii.gz"
                    ]
                ],
                "bval": [
                    [
                        {
                            "id": "test"
                        },
                        "test__dwi_eddy_corrected.bval"
                    ]
                ],
                "bvec": [
                    [
                        {
                            "id": "test"
                        },
                        "test__dwi_eddy_corrected.bvec"
                    ]
                ],
                "dwi": [
                    [
                        {
                            "id": "test"
                        },
                        "test_resampled.nii.gz"
                    ]
                ],
                "dwi_bounding_box": [
                    [
                        {
                            "id": "test"
                        },
                        "test__image_boundingBox.pkl"
                    ]
                ],
                "dwi_n4": [
                    [
                        {
                            "id": "test"
                        },
                        "test__image_n4.nii.gz"
                    ]
                ],
                "dwi_topup_eddy": [
                    [
                        {
                            "id": "test"
                        },
                        "test__dwi_corrected.nii.gz"
                    ]
                ],
                "mqc": [
                    [
                        {
                            "id": "test"
                        },
                        "test__b0_topup_mqc.gif",
                        "test__rev_b0_topup_mqc.gif"
                    ],
                    [
                        {
                            "id": "test"
                        },
                        "test__dwi_eddy_mqc.gif"
                    ],
                    [
                        {
                            "id": "test"
                        },
                        "test__rev_dwi_eddy_mqc.gif"
                    ]
                ],
                "versions": [
                    "versions.yml:md5,034b6d262d1e0e45c673d3ac1756e22f",
                    "versions.yml:md5,218c08543fae3d1e7dd9b1527aa67a21",
                    "versions.yml:md5,2f2452f9057acaaeabe501575984a7e8",
                    "versions.yml:md5,3efc92963bc72284def5a9aeff469919",
                    "versions.yml:md5,6775dffbd2264e526ccdfde32db655b9",
                    "versions.yml:md5,a585ae0f02b31e59f3f641836f5cb608",
                    "versions.yml:md5,ab6778bdec2e37aef4b182b20e24c3b8",
                    "versions.yml:md5,c7da6834a9868efe7d6878ae023a6782",
                    "versions.yml:md5,dd4515fa7d32a40e94927fddf215ef18",
                    "versions.yml:md5,f6302711c5746db0253caef585c65db5"
                ]
            }
        ],
        "meta": {
            "nf-test": "0.9.2",
            "nextflow": "25.04.7"
        },
        "timestamp": "2025-09-30T13:34:20.585636"
    },
    "preproc_dwi - AP DWI | PA DWI": {
        "content": [
            {
                "b0": [
                    [
                        {
                            "id": "test"
                        },
                        "test_b0.nii.gz"
                    ]
                ],
                "b0_mask": [
                    [
                        {
                            "id": "test"
                        },
                        "test_resampled.nii.gz"
                    ]
                ],
                "bval": [
                    [
                        {
                            "id": "test"
                        },
                        "test__dwi_eddy_corrected.bval"
                    ]
                ],
                "bvec": [
                    [
                        {
                            "id": "test"
                        },
                        "test__dwi_eddy_corrected.bvec"
                    ]
                ],
                "dwi": [
                    [
                        {
                            "id": "test"
                        },
                        "test_resampled.nii.gz"
                    ]
                ],
                "dwi_bounding_box": [
                    [
                        {
                            "id": "test"
                        },
                        "test__image_boundingBox.pkl"
                    ]
                ],
                "dwi_n4": [
                    [
                        {
                            "id": "test"
                        },
                        "test__image_n4.nii.gz"
                    ]
                ],
                "dwi_topup_eddy": [
                    [
                        {
                            "id": "test"
                        },
                        "test__dwi_corrected.nii.gz"
                    ]
                ],
                "mqc": [
                    [
                        {
                            "id": "test"
                        },
                        "test__b0_topup_mqc.gif",
                        "test__rev_b0_topup_mqc.gif"
                    ],
                    [
                        {
                            "id": "test"
                        },
                        "test__dwi_eddy_mqc.gif"
                    ],
                    [
                        {
                            "id": "test"
                        },
                        "test__rev_dwi_eddy_mqc.gif"
                    ]
                ],
                "versions": [
                    "versions.yml:md5,034b6d262d1e0e45c673d3ac1756e22f",
                    "versions.yml:md5,218c08543fae3d1e7dd9b1527aa67a21",
                    "versions.yml:md5,2f2452f9057acaaeabe501575984a7e8",
                    "versions.yml:md5,3efc92963bc72284def5a9aeff469919",
                    "versions.yml:md5,4f645295735c7f79182fd589063e11a5",
                    "versions.yml:md5,6775dffbd2264e526ccdfde32db655b9",
                    "versions.yml:md5,83bb1f168d146ca8d303c24584044f9f",
                    "versions.yml:md5,a585ae0f02b31e59f3f641836f5cb608",
                    "versions.yml:md5,ab6778bdec2e37aef4b182b20e24c3b8",
                    "versions.yml:md5,c7da6834a9868efe7d6878ae023a6782",
                    "versions.yml:md5,dd4515fa7d32a40e94927fddf215ef18",
                    "versions.yml:md5,f6302711c5746db0253caef585c65db5"
                ]
            }
        ],
        "meta": {
            "nf-test": "0.9.2",
            "nextflow": "25.04.7"
        },
        "timestamp": "2025-09-30T13:36:31.831848"
    }
}