{
    "denoising - mppca - stub-run": {
        "content": [
            [
                "versions.yml:md5,e453d38b11af2135c99df27ec7b461e3"
            ]
        ],
        "meta": {
            "nf-test": "0.9.0",
            "nextflow": "25.04.3"
        },
        "timestamp": "2025-06-04T13:56:52.680444991"
    },
    "denoising - mppca": {
        "content": [
            {
                "0": [
                    [
                        {
                            "id": "test"
                        },
                        "test_dwi_denoised.nii.gz:md5,89ea3e1f62f668d76118f82e977a7fc4"
                    ]
                ],
                "1": [
                    "versions.yml:md5,e453d38b11af2135c99df27ec7b461e3"
                ],
                "image": [
                    [
                        {
                            "id": "test"
                        },
                        "test_dwi_denoised.nii.gz:md5,89ea3e1f62f668d76118f82e977a7fc4"
                    ]
                ],
                "versions": [
                    "versions.yml:md5,e453d38b11af2135c99df27ec7b461e3"
                ]
            }
        ],
        "meta": {
            "nf-test": "0.9.0",
            "nextflow": "25.04.4"
        },
        "timestamp": "2025-06-25T23:45:41.782693715"
    }
}
