{
    "topup_eddy - AP DWI | PA sbref": {
        "content": [
            {
                "b0": [
                    [
                        {
                            "id": "test"
                        },
                        "test_b0.nii.gz"
                    ]
                ],
                "b0_mask": [
                    [
                        {
                            "id": "test"
                        },
                        "test__b0_bet_mask.nii.gz"
                    ]
                ],
                "bval": [
                    [
                        {
                            "id": "test"
                        },
                        "test__dwi_eddy_corrected.bval"
                    ]
                ],
                "bvec": [
                    [
                        {
                            "id": "test"
                        },
                        "test__dwi_eddy_corrected.bvec"
                    ]
                ],
                "dwi": [
                    [
                        {
                            "id": "test"
                        },
                        "test__dwi_corrected.nii.gz"
                    ]
                ],
                "mqc": [
                    [
                        {
                            "id": "test"
                        },
                        "test__dwi_eddy_mqc.gif"
                    ],
                    [
                        {
                            "id": "test"
                        },
                        "test__rev_dwi_eddy_mqc.gif"
                    ]
                ],
                "versions": [
                    "versions.yml:md5,81cfd1ed44fe6baf7c62ce30bdb4c143",
                    "versions.yml:md5,ea2ab11e04c3353e065862217a342651"
                ]
            }
        ],
        "meta": {
            "nf-test": "0.9.0",
            "nextflow": "25.04.7"
        },
        "timestamp": "2025-09-24T13:07:58.922695156"
    },
    "topup_eddy - ONLY Eddy - AP DWI | PA sbref": {
        "content": [
            {
                "b0": [
                    [
                        {
                            "id": "test"
                        },
                        "test_b0.nii.gz"
                    ]
                ],
                "b0_mask": [
                    [
                        {
                            "id": "test"
                        },
                        "test__b0_bet_mask.nii.gz"
                    ]
                ],
                "bval": [
                    [
                        {
                            "id": "test"
                        },
                        "test__dwi_eddy_corrected.bval"
                    ]
                ],
                "bvec": [
                    [
                        {
                            "id": "test"
                        },
                        "test__dwi_eddy_corrected.bvec"
                    ]
                ],
                "dwi": [
                    [
                        {
                            "id": "test"
                        },
                        "test__dwi_corrected.nii.gz"
                    ]
                ],
                "mqc": [
                    [
                        {
                            "id": "test"
                        },
                        "test__dwi_eddy_mqc.gif"
                    ],
                    [
                        {
                            "id": "test"
                        },
                        "test__rev_dwi_eddy_mqc.gif"
                    ]
                ],
                "versions": [
                    "versions.yml:md5,81cfd1ed44fe6baf7c62ce30bdb4c143",
                    "versions.yml:md5,ea2ab11e04c3353e065862217a342651"
                ]
            }
        ],
        "meta": {
            "nf-test": "0.9.0",
            "nextflow": "25.04.7"
        },
        "timestamp": "2025-09-24T13:07:33.621522283"
    },
    "topup_eddy - AP DWI+sbref | PA DWI+sbref": {
        "content": [
            {
                "b0": [
                    [
                        {
                            "id": "test"
                        },
                        "test_b0.nii.gz"
                    ]
                ],
                "b0_mask": [
                    [
                        {
                            "id": "test"
                        },
                        "test__b0_bet_mask.nii.gz"
                    ]
                ],
                "bval": [
                    [
                        {
                            "id": "test"
                        },
                        "test__dwi_eddy_corrected.bval"
                    ]
                ],
                "bvec": [
                    [
                        {
                            "id": "test"
                        },
                        "test__dwi_eddy_corrected.bvec"
                    ]
                ],
                "dwi": [
                    [
                        {
                            "id": "test"
                        },
                        "test__dwi_corrected.nii.gz"
                    ]
                ],
                "mqc": [
                    [
                        {
                            "id": "test"
                        },
                        "test__dwi_eddy_mqc.gif"
                    ],
                    [
                        {
                            "id": "test"
                        },
                        "test__rev_dwi_eddy_mqc.gif"
                    ]
                ],
                "versions": [
                    "versions.yml:md5,81cfd1ed44fe6baf7c62ce30bdb4c143",
                    "versions.yml:md5,ea2ab11e04c3353e065862217a342651"
                ]
            }
        ],
        "meta": {
            "nf-test": "0.9.0",
            "nextflow": "25.04.7"
        },
        "timestamp": "2025-09-24T13:08:23.941067656"
    }
}
