{
    "preproc - gibbs - stub-run": {
        "content": [
            [
                "versions.yml:md5,7b29c0b3ece4feea121dd85f3163a3e0"
            ]
        ],
        "meta": {
            "nf-test": "0.9.0",
            "nextflow": "25.04.3"
        },
        "timestamp": "2025-06-04T03:01:02.282977924"
    },
    "preproc - gibbs": {
        "content": [
            {
                "0": [
                    [
                        {
                            "id": "test",
                            "single_end": false
                        },
                        "test__dwi_gibbs_corrected.nii.gz:md5,951a33045710fe77a0a58a640c27bece"
                    ]
                ],
                "1": [
                    "versions.yml:md5,7b29c0b3ece4feea121dd85f3163a3e0"
                ],
                "dwi": [
                    [
                        {
                            "id": "test",
                            "single_end": false
                        },
                        "test__dwi_gibbs_corrected.nii.gz:md5,951a33045710fe77a0a58a640c27bece"
                    ]
                ],
                "versions": [
                    "versions.yml:md5,7b29c0b3ece4feea121dd85f3163a3e0"
                ]
            }
        ],
        "meta": {
            "nf-test": "0.9.0",
            "nextflow": "25.04.3"
        },
        "timestamp": "2025-06-04T02:51:17.00292454"
    }
}