{
    "utils - extractb0 - mean": {
        "content": [
            {
                "0": [
                    [
                        {
                            "id": "test",
                            "single_end": false
                        },
                        "test_b0.nii.gz:md5,91288914a80e7866ef8b08a363d617f9"
                    ]
                ],
                "1": [
                    "versions.yml:md5,46681cb0bd068f8da81010f9e41d10cc"
                ],
                "b0": [
                    [
                        {
                            "id": "test",
                            "single_end": false
                        },
                        "test_b0.nii.gz:md5,91288914a80e7866ef8b08a363d617f9"
                    ]
                ],
                "versions": [
                    "versions.yml:md5,46681cb0bd068f8da81010f9e41d10cc"
                ]
            }
        ],
        "meta": {
            "nf-test": "0.9.0",
            "nextflow": "25.04.7"
        },
        "timestamp": "2025-09-23T01:15:01.126608471"
    },
    "utils - extractb0 - all4d": {
        "content": [
            {
                "0": [
                    [
                        {
                            "id": "test",
                            "single_end": false
                        },
                        "test_b0.nii.gz:md5,2066111f2b964735a168d6c653ba1a8b"
                    ]
                ],
                "1": [
                    "versions.yml:md5,46681cb0bd068f8da81010f9e41d10cc"
                ],
                "b0": [
                    [
                        {
                            "id": "test",
                            "single_end": false
                        },
                        "test_b0.nii.gz:md5,2066111f2b964735a168d6c653ba1a8b"
                    ]
                ],
                "versions": [
                    "versions.yml:md5,46681cb0bd068f8da81010f9e41d10cc"
                ]
            }
        ],
        "meta": {
            "nf-test": "0.9.0",
            "nextflow": "25.04.7"
        },
        "timestamp": "2025-09-23T01:14:08.955750512"
    },
    "utils - extractb0 - stub-run": {
        "content": [
            [
                "versions.yml:md5,46681cb0bd068f8da81010f9e41d10cc"
            ]
        ],
        "meta": {
            "nf-test": "0.9.0",
            "nextflow": "25.04.7"
        },
        "timestamp": "2025-09-23T01:15:17.980773861"
    },
    "utils - extractb0": {
        "content": [
            {
                "0": [
                    [
                        {
                            "id": "test",
                            "single_end": false
                        },
                        "test_b0.nii.gz:md5,91288914a80e7866ef8b08a363d617f9"
                    ]
                ],
                "1": [
                    "versions.yml:md5,46681cb0bd068f8da81010f9e41d10cc"
                ],
                "b0": [
                    [
                        {
                            "id": "test",
                            "single_end": false
                        },
                        "test_b0.nii.gz:md5,91288914a80e7866ef8b08a363d617f9"
                    ]
                ],
                "versions": [
                    "versions.yml:md5,46681cb0bd068f8da81010f9e41d10cc"
                ]
            }
        ],
        "meta": {
            "nf-test": "0.9.0",
            "nextflow": "25.04.7"
        },
        "timestamp": "2025-09-23T01:13:59.374107972"
    },
    "utils - extractb0 - clustermean": {
        "content": [
            {
                "0": [
                    [
                        {
                            "id": "test",
                            "single_end": false
                        },
                        "test_b0.nii.gz:md5,feb9010e5b72fc6f0c814f9dd54cb710"
                    ]
                ],
                "1": [
                    "versions.yml:md5,46681cb0bd068f8da81010f9e41d10cc"
                ],
                "b0": [
                    [
                        {
                            "id": "test",
                            "single_end": false
                        },
                        "test_b0.nii.gz:md5,feb9010e5b72fc6f0c814f9dd54cb710"
                    ]
                ],
                "versions": [
                    "versions.yml:md5,46681cb0bd068f8da81010f9e41d10cc"
                ]
            }
        ],
        "meta": {
            "nf-test": "0.9.0",
            "nextflow": "25.04.7"
        },
        "timestamp": "2025-09-23T01:14:46.185537537"
    },
    "utils - extractb0 - clusterfirst": {
        "content": [
            {
                "0": [
                    [
                        {
                            "id": "test",
                            "single_end": false
                        },
                        "test_b0.nii.gz:md5,27e4aa847d60b2154d8865d19ba3e06e"
                    ]
                ],
                "1": [
                    "versions.yml:md5,46681cb0bd068f8da81010f9e41d10cc"
                ],
                "b0": [
                    [
                        {
                            "id": "test",
                            "single_end": false
                        },
                        "test_b0.nii.gz:md5,27e4aa847d60b2154d8865d19ba3e06e"
                    ]
                ],
                "versions": [
                    "versions.yml:md5,46681cb0bd068f8da81010f9e41d10cc"
                ]
            }
        ],
        "meta": {
            "nf-test": "0.9.0",
            "nextflow": "25.04.7"
        },
        "timestamp": "2025-09-23T01:14:32.853873825"
    },
    "utils - extractb0 - allseries": {
        "content": [
            {
                "0": [
                    [
                        {
                            "id": "test",
                            "single_end": false
                        },
                        "test_b0.nii.gz:md5,2066111f2b964735a168d6c653ba1a8b"
                    ]
                ],
                "1": [
                    "versions.yml:md5,46681cb0bd068f8da81010f9e41d10cc"
                ],
                "b0": [
                    [
                        {
                            "id": "test",
                            "single_end": false
                        },
                        "test_b0.nii.gz:md5,2066111f2b964735a168d6c653ba1a8b"
                    ]
                ],
                "versions": [
                    "versions.yml:md5,46681cb0bd068f8da81010f9e41d10cc"
                ]
            }
        ],
        "meta": {
            "nf-test": "0.9.0",
            "nextflow": "25.04.7"
        },
        "timestamp": "2025-09-23T01:14:20.577355867"
    }
}